// Jest Snapshot v1, https://goo.gl/fbAQLP

exports[`Excepect to render PublicationList component 1`] = `ShallowWrapper {}`;
