// Jest Snapshot v1, https://goo.gl/fbAQLP

exports[`Excepect to render Button component 1`] = `ShallowWrapper {}`;
